16:27:00 **** Incremental Build of configuration Debug for project formation_gpio ****
make -j8 all 
arm-none-eabi-gcc "../Src/main.c" -mcpu=cortex-m4 -std=gnu11 -g3 -DDEBUG -DSTM32L4 -DSTM32 -DB_L475E_IOT01A2 -DSTM32L475VGTx -c -I../Inc -O0 -ffunction-sections -fdata-sections -Wall -fstack-usage -MMD -MP -MF"Src/main.d" -MT"Src/main.o" --specs=nano.specs -mfpu=fpv4-sp-d16 -mfloat-abi=hard -mthumb -o "Src/main.o"
arm-none-eabi-gcc -o "formation_gpio.elf" @"objects.list"   -mcpu=cortex-m4 -T"C:\Users\LENOVO\STM32CubeIDE\workspace_1.11.0\formation_gpio\STM32L475VGTX_FLASH.ld" --specs=nosys.specs -Wl,-Map="formation_gpio.map" -Wl,--gc-sections -static --specs=nano.specs -mfpu=fpv4-sp-d16 -mfloat-abi=hard -mthumb -Wl,--start-group -lc -lm -Wl,--end-group
Finished building target: formation_gpio.elf
 
arm-none-eabi-size   formation_gpio.elf 
arm-none-eabi-objdump -h -S  formation_gpio.elf  > "formation_gpio.list"
   text	   data	    bss	    dec	    hex	filename
    728	      8	   1568	   2304	    900	formation_gpio.elf
Finished building: default.size.stdout
 
Finished building: formation_gpio.list
 

16:27:00 Build Finished. 0 errors, 0 warnings. (took 285ms)

